npm warn Unknown user config "store-dir". This will stop working in the next major version of npm. See `npm help npmrc` for supported config options.
npm warn Unknown user config "home". This will stop working in the next major version of npm. See `npm help npmrc` for supported config options.
npm warn Unknown user config "is-current". This will stop working in the next major version of npm. See `npm help npmrc` for supported config options.

> @evidence-poc/source@0.0.0 guides:verify
> npm run guides:test && npm run guides:check

npm warn Unknown env config "home". This will stop working in the next major version of npm. See `npm help npmrc` for supported config options.
npm warn Unknown env config "is-current". This will stop working in the next major version of npm. See `npm help npmrc` for supported config options.
npm warn Unknown env config "store-dir". This will stop working in the next major version of npm. See `npm help npmrc` for supported config options.
npm warn Unknown user config "store-dir". This will stop working in the next major version of npm. See `npm help npmrc` for supported config options.
npm warn Unknown user config "home". This will stop working in the next major version of npm. See `npm help npmrc` for supported config options.
npm warn Unknown user config "is-current". This will stop working in the next major version of npm. See `npm help npmrc` for supported config options.

> @evidence-poc/source@0.0.0 guides:test
> node --test tools/guides/check.spec.mjs

✔ project procedures are routed into planning and reference existing checks (2.520583ms)
✔ resolves relative files, directories, encoded names and angle paths without writing (2.810959ms)
✔ reports absent documents and links with their line numbers (0.837708ms)
✔ ignores fenced samples, remote links, local anchors and template variables (0.545625ms)
✔ rejects malformed encoding and paths outside the project (0.562709ms)
✔ rejects symlink targets outside the project (1.71225ms)
✔ rejects obsolete architecture guidance rather than keeping a compatibility paragraph (1.225375ms)
✔ scans maintained docs and workflow templates, not generated facts or historical evidence (3.707875ms)
ℹ tests 8
ℹ suites 0
ℹ pass 8
ℹ fail 0
ℹ cancelled 0
ℹ skipped 0
ℹ todo 0
ℹ duration_ms 68.963334
npm warn Unknown env config "home". This will stop working in the next major version of npm. See `npm help npmrc` for supported config options.
npm warn Unknown env config "is-current". This will stop working in the next major version of npm. See `npm help npmrc` for supported config options.
npm warn Unknown env config "store-dir". This will stop working in the next major version of npm. See `npm help npmrc` for supported config options.
npm warn Unknown user config "store-dir". This will stop working in the next major version of npm. See `npm help npmrc` for supported config options.
npm warn Unknown user config "home". This will stop working in the next major version of npm. See `npm help npmrc` for supported config options.
npm warn Unknown user config "is-current". This will stop working in the next major version of npm. See `npm help npmrc` for supported config options.

> @evidence-poc/source@0.0.0 guides:check
> node tools/guides/check.mjs && prettier --check AGENTS.md README.md 'docs/**/*.md' apps/backend/README.md .evidence/README.md .evidence/api/README.md .agents/skills/README.md '.agents/skills/{evidence-task-planning,evidence-delivery}/**/*.{md,json}' 'tools/guides/*.mjs'

Guides: 37 documents, 296 local links, 0 errors
Checking formatting...
All matched files use Prettier code style!
