cwd: /Users/zhongjie/Downloads/Github/Evidence-Framework
command: ./gradlew check
startedAt: 2026-09-13T10:59:33.081057+00:00

Starting a Gradle Daemon, 46 busy and 1 incompatible Daemons could not be reused, use --status for details
> Task :spotlessInternalRegisterDependencies UP-TO-DATE
> Task :backend:spotlessJava UP-TO-DATE
> Task :backend:spotlessJavaCheck UP-TO-DATE
> Task :backend:spotlessCheck UP-TO-DATE
> Task :backend-domain:compileJava UP-TO-DATE
> Task :backend-api:compileJava UP-TO-DATE
> Task :backend-persistent:compileJava UP-TO-DATE
> Task :backend:compileJava UP-TO-DATE
> Task :backend:processResources UP-TO-DATE
> Task :backend:classes UP-TO-DATE
> Task :backend:compileTestJava UP-TO-DATE
> Task :backend:processTestResources UP-TO-DATE
> Task :backend:testClasses UP-TO-DATE
> Task :backend-api:processResources NO-SOURCE
> Task :backend-api:classes UP-TO-DATE
> Task :backend-api:jar UP-TO-DATE
> Task :backend-domain:processResources NO-SOURCE
> Task :backend-domain:classes UP-TO-DATE
> Task :backend-domain:jar UP-TO-DATE
> Task :backend-persistent:processResources UP-TO-DATE
> Task :backend-persistent:classes UP-TO-DATE
> Task :backend-persistent:jar UP-TO-DATE
> Task :backend:test UP-TO-DATE
> Task :backend:check UP-TO-DATE
> Task :backend-api:spotlessJava UP-TO-DATE
> Task :backend-api:spotlessJavaCheck UP-TO-DATE
> Task :backend-api:spotlessCheck UP-TO-DATE
> Task :backend-api:compileTestJava UP-TO-DATE
> Task :backend-api:processTestResources NO-SOURCE
> Task :backend-api:testClasses UP-TO-DATE
> Task :backend-api:test UP-TO-DATE
> Task :backend-api:check UP-TO-DATE
> Task :backend-domain:spotlessJava UP-TO-DATE
> Task :backend-domain:spotlessJavaCheck UP-TO-DATE
> Task :backend-domain:spotlessCheck UP-TO-DATE
> Task :backend-domain:compileTestJava UP-TO-DATE
> Task :backend-domain:processTestResources NO-SOURCE
> Task :backend-domain:testClasses UP-TO-DATE
> Task :backend-domain:test UP-TO-DATE
> Task :backend-domain:check UP-TO-DATE
> Task :backend-persistent:spotlessJava UP-TO-DATE
> Task :backend-persistent:spotlessJavaCheck UP-TO-DATE
> Task :backend-persistent:spotlessCheck UP-TO-DATE
> Task :backend-persistent:compileTestJava UP-TO-DATE
> Task :backend-persistent:processTestResources UP-TO-DATE
> Task :backend-persistent:testClasses UP-TO-DATE
> Task :backend-persistent:test UP-TO-DATE
> Task :backend-persistent:check UP-TO-DATE

BUILD SUCCESSFUL in 7s
28 actionable tasks: 28 up-to-date
