cwd: /Users/zhongjie/Downloads/Github/Evidence-Framework
command: npm run guides:verify

npm warn Unknown user config "store-dir". This will stop working in the next major version of npm. See `npm help npmrc` for supported config options.
npm warn Unknown user config "home". This will stop working in the next major version of npm. See `npm help npmrc` for supported config options.
npm warn Unknown user config "is-current". This will stop working in the next major version of npm. See `npm help npmrc` for supported config options.

> @evidence-poc/source@0.0.0 guides:verify
> npm run guides:test && npm run guides:check

npm warn Unknown env config "home". This will stop working in the next major version of npm. See `npm help npmrc` for supported config options.
npm warn Unknown env config "is-current". This will stop working in the next major version of npm. See `npm help npmrc` for supported config options.
npm warn Unknown env config "store-dir". This will stop working in the next major version of npm. See `npm help npmrc` for supported config options.
npm warn Unknown user config "store-dir". This will stop working in the next major version of npm. See `npm help npmrc` for supported config options.
npm warn Unknown user config "home". This will stop working in the next major version of npm. See `npm help npmrc` for supported config options.
npm warn Unknown user config "is-current". This will stop working in the next major version of npm. See `npm help npmrc` for supported config options.

> @evidence-poc/source@0.0.0 guides:test
> node --test tools/guides/check.spec.mjs

✔ resolves relative files, directories, encoded names and angle paths without writing (3.692375ms)
✔ reports absent documents and links with their line numbers (2.874791ms)
✔ ignores fenced samples, remote links, local anchors and template variables (1.114375ms)
✔ rejects malformed encoding and paths outside the project (0.746375ms)
✔ rejects symlink targets outside the project (1.764208ms)
✔ rejects obsolete architecture guidance rather than keeping a compatibility paragraph (1.799959ms)
✔ scans maintained docs and workflow templates, not generated facts or historical evidence (6.213041ms)
ℹ tests 7
ℹ suites 0
ℹ pass 7
ℹ fail 0
ℹ cancelled 0
ℹ skipped 0
ℹ todo 0
ℹ duration_ms 84.805583
npm warn Unknown env config "home". This will stop working in the next major version of npm. See `npm help npmrc` for supported config options.
npm warn Unknown env config "is-current". This will stop working in the next major version of npm. See `npm help npmrc` for supported config options.
npm warn Unknown env config "store-dir". This will stop working in the next major version of npm. See `npm help npmrc` for supported config options.
npm warn Unknown user config "store-dir". This will stop working in the next major version of npm. See `npm help npmrc` for supported config options.
npm warn Unknown user config "home". This will stop working in the next major version of npm. See `npm help npmrc` for supported config options.
npm warn Unknown user config "is-current". This will stop working in the next major version of npm. See `npm help npmrc` for supported config options.

> @evidence-poc/source@0.0.0 guides:check
> node tools/guides/check.mjs && prettier --check AGENTS.md README.md 'docs/**/*.md' apps/backend/README.md .evidence/README.md .evidence/api/README.md .agents/skills/README.md '.agents/skills/{evidence-task-planning,evidence-delivery}/**/*.{md,json}' 'tools/guides/*.mjs'

Guides: 34 documents, 232 local links, 0 errors
Checking formatting...
All matched files use Prettier code style!
