cwd: /Users/zhongjie/Downloads/Github/Evidence-Framework
command: python3 -B -m unittest discover -s .agents/skills/evidence-task-planning/tests -v

test_protocol_is_required_and_keeps_consumer_project_independent (test_guides_contract.GuidesContractTests.test_protocol_is_required_and_keeps_consumer_project_independent) ... ok
test_task_has_business_and_engineering_guides_before_action (test_guides_contract.GuidesContractTests.test_task_has_business_and_engineering_guides_before_action) ... ok
test_templates_preserve_single_yaml_and_state_ownership (test_guides_contract.GuidesContractTests.test_templates_preserve_single_yaml_and_state_ownership) ... ok
test_actor_and_proof_roles_are_distinct_units (test_task_compiler.CompilerTests.test_actor_and_proof_roles_are_distinct_units) ... ok
test_api_role_variants_share_delivery_not_domain_duplicates (test_task_compiler.CompilerTests.test_api_role_variants_share_delivery_not_domain_duplicates) ... ok
test_architecture_override_is_rejected (test_task_compiler.CompilerTests.test_architecture_override_is_rejected) ... ok
test_cli_compiles_readable_paths_without_writing_plan_files (test_task_compiler.CompilerTests.test_cli_compiles_readable_paths_without_writing_plan_files) ... ok
test_cli_emits_json_without_writing_plan (test_task_compiler.CompilerTests.test_cli_emits_json_without_writing_plan) ... ok
test_cli_reads_index_slicing_and_fails_incomplete_coverage (test_task_compiler.CompilerTests.test_cli_reads_index_slicing_and_fails_incomplete_coverage) ... ok
test_design_item_requires_known_sources (test_task_compiler.CompilerTests.test_design_item_requires_known_sources) ... ok
test_deterministic_dag_and_cycle_rejection (test_task_compiler.CompilerTests.test_deterministic_dag_and_cycle_rejection) ... ok
test_duplicate_group_and_unit_ownership_rejected (test_task_compiler.CompilerTests.test_duplicate_group_and_unit_ownership_rejected) ... ok
test_duplicate_yaml_key_and_duplicate_id_rejected (test_task_compiler.CompilerTests.test_duplicate_yaml_key_and_duplicate_id_rejected) ... ok
test_external_disposition_needs_reason_and_does_not_erase_unit (test_task_compiler.CompilerTests.test_external_disposition_needs_reason_and_does_not_erase_unit) ... ok
test_file_move_and_label_change_keep_keys (test_task_compiler.CompilerTests.test_file_move_and_label_change_keep_keys) ... ok
test_file_name_is_required_and_has_no_automatic_fallback (test_task_compiler.CompilerTests.test_file_name_is_required_and_has_no_automatic_fallback) ... ok
test_file_name_rejects_unsafe_or_nonportable_values (test_task_compiler.CompilerTests.test_file_name_rejects_unsafe_or_nonportable_values) ... ok
test_file_names_are_unique_across_tasks_and_portable_equivalents (test_task_compiler.CompilerTests.test_file_names_are_unique_across_tasks_and_portable_equivalents) ... ok
test_free_task_key_cannot_override_computed_identity (test_task_compiler.CompilerTests.test_free_task_key_cannot_override_computed_identity) ... ok
test_generated_files_are_not_sources (test_task_compiler.CompilerTests.test_generated_files_are_not_sources) ... ok
test_generic_backend_organization_is_mandatory_platform_work (test_task_compiler.CompilerTests.test_generic_backend_organization_is_mandatory_platform_work) ... ok
test_generic_second_domain_without_contracts (test_task_compiler.CompilerTests.test_generic_second_domain_without_contracts) ... ok
test_group_schema_rejects_unrecognized_fields (test_task_compiler.CompilerTests.test_group_schema_rejects_unrecognized_fields) ... ok
test_inventory_stable_and_read_only (test_task_compiler.CompilerTests.test_inventory_stable_and_read_only) ... ok
test_key_encoding_unambiguous (test_task_compiler.CompilerTests.test_key_encoding_unambiguous) ... ok
test_keys_and_paths_do_not_depend_on_members_order (test_task_compiler.CompilerTests.test_keys_and_paths_do_not_depend_on_members_order) ... ok
test_missing_fm_reference_rejected (test_task_compiler.CompilerTests.test_missing_fm_reference_rejected) ... ok
test_modular_architecture_work_cannot_be_excluded (test_task_compiler.CompilerTests.test_modular_architecture_work_cannot_be_excluded) ... ok
test_modular_monolith_profile_and_platform_are_consistent (test_task_compiler.CompilerTests.test_modular_monolith_profile_and_platform_are_consistent) ... ok
test_multiple_contexts_do_not_create_deployment_or_remote_units (test_task_compiler.CompilerTests.test_multiple_contexts_do_not_create_deployment_or_remote_units) ... ok
test_partial_mapping_reports_gaps_not_completion (test_task_compiler.CompilerTests.test_partial_mapping_reports_gaps_not_completion) ... ok
test_profile_override_and_unknown_units_rejected (test_task_compiler.CompilerTests.test_profile_override_and_unknown_units_rejected) ... ok
test_profile_work_cannot_be_disposed (test_task_compiler.CompilerTests.test_profile_work_cannot_be_disposed) ... ok
test_readable_file_names_and_exact_byte_limit_are_accepted (test_task_compiler.CompilerTests.test_readable_file_names_and_exact_byte_limit_are_accepted) ... ok
test_renaming_files_preserves_dependency_and_api_identity (test_task_compiler.CompilerTests.test_renaming_files_preserves_dependency_and_api_identity) ... ok
test_safe_yaml_rejects_python_tags (test_task_compiler.CompilerTests.test_safe_yaml_rejects_python_tags) ... ok
test_source_cycles_are_not_execution_cycles (test_task_compiler.CompilerTests.test_source_cycles_are_not_execution_cycles) ... ok

----------------------------------------------------------------------
Ran 37 tests in 0.735s

OK
