> Task :spotlessInternalRegisterDependencies
> Task :backend:spotlessJava
> Task :backend:spotlessJavaCheck
> Task :backend:spotlessCheck
> Task :backend-domain:compileJava
> Task :backend-api:compileJava
> Task :backend-persistent:compileJava
> Task :backend:compileJava
> Task :backend:processResources
> Task :backend:classes
> Task :backend:compileTestJava
> Task :backend:processTestResources
> Task :backend:testClasses
> Task :backend-api:processResources NO-SOURCE
> Task :backend-api:classes
> Task :backend-api:jar
> Task :backend-domain:processResources NO-SOURCE
> Task :backend-domain:classes
> Task :backend-domain:jar
> Task :backend-persistent:processResources
> Task :backend-persistent:classes
> Task :backend-persistent:jar
2026-09-13T22:19:27.140+08:00  INFO 34024 --- [backend] [ionShutdownHook] com.zaxxer.hikari.HikariDataSource       : HikariPool-1 - Shutdown initiated...
2026-09-13T22:19:27.143+08:00  INFO 34024 --- [backend] [ionShutdownHook] com.zaxxer.hikari.HikariDataSource       : HikariPool-1 - Shutdown completed.
2026-09-13T22:19:27.146+08:00  INFO 34024 --- [backend] [ionShutdownHook] o.s.b.w.e.tomcat.GracefulShutdown        : Commencing graceful shutdown. Waiting for active requests to complete
2026-09-13T22:19:27.149+08:00  INFO 34024 --- [backend] [tomcat-shutdown] o.s.b.w.e.tomcat.GracefulShutdown        : Graceful shutdown complete
2026-09-13T22:19:27.152+08:00  INFO 34024 --- [backend] [ionShutdownHook] com.zaxxer.hikari.HikariDataSource       : HikariPool-2 - Shutdown initiated...
2026-09-13T22:19:27.152+08:00  INFO 34024 --- [backend] [ionShutdownHook] com.zaxxer.hikari.HikariDataSource       : HikariPool-2 - Shutdown completed.
> Task :backend:test
> Task :backend:check
> Task :backend-api:spotlessJava
> Task :backend-api:spotlessJavaCheck
> Task :backend-api:spotlessCheck
> Task :backend-api:compileTestJava
> Task :backend-api:processTestResources NO-SOURCE
> Task :backend-api:testClasses
2026-09-13T22:19:33.647+08:00  INFO 34115 --- [ionShutdownHook] o.s.b.w.e.tomcat.GracefulShutdown        : Commencing graceful shutdown. Waiting for active requests to complete
2026-09-13T22:19:33.649+08:00  INFO 34115 --- [tomcat-shutdown] o.s.b.w.e.tomcat.GracefulShutdown        : Graceful shutdown complete
> Task :backend-api:test
> Task :backend-api:check
> Task :backend-domain:spotlessJava
> Task :backend-domain:spotlessJavaCheck
> Task :backend-domain:spotlessCheck
> Task :backend-domain:compileTestJava
> Task :backend-domain:processTestResources NO-SOURCE
> Task :backend-domain:testClasses
> Task :backend-domain:test
> Task :backend-domain:check
> Task :backend-persistent:spotlessJava
> Task :backend-persistent:spotlessJavaCheck
> Task :backend-persistent:spotlessCheck
> Task :backend-persistent:compileTestJava
> Task :backend-persistent:processTestResources
> Task :backend-persistent:testClasses
2026-09-13T22:19:37.471+08:00  INFO 34222 --- [ionShutdownHook] com.zaxxer.hikari.HikariDataSource       : HikariPool-1 - Shutdown initiated...
2026-09-13T22:19:37.472+08:00  INFO 34222 --- [ionShutdownHook] com.zaxxer.hikari.HikariDataSource       : HikariPool-1 - Shutdown completed.
> Task :backend-persistent:test
> Task :backend-persistent:check

BUILD SUCCESSFUL in 20s
28 actionable tasks: 28 executed
