✖ project procedures are routed into planning and reference existing checks (1.439417ms)
✔ resolves relative files, directories, encoded names and angle paths without writing (4.24475ms)
✔ reports absent documents and links with their line numbers (1.329042ms)
✔ ignores fenced samples, remote links, local anchors and template variables (1.008916ms)
✔ rejects malformed encoding and paths outside the project (0.808209ms)
✔ rejects symlink targets outside the project (1.777458ms)
✔ rejects obsolete architecture guidance rather than keeping a compatibility paragraph (6.322708ms)
✔ scans maintained docs and workflow templates, not generated facts or historical evidence (7.324792ms)
ℹ tests 8
ℹ suites 0
ℹ pass 7
ℹ fail 1
ℹ cancelled 0
ℹ skipped 0
ℹ todo 0
ℹ duration_ms 95.799333

✖ failing tests:

test at tools/guides/check.spec.mjs:15:1
✖ project procedures are routed into planning and reference existing checks (1.439417ms)
  Error: ENOENT: no such file or directory, open '/Users/zhongjie/Downloads/Github/Evidence-Framework/docs/engineering/procedures.md'
      at readFileSync (node:fs:621:20)
      at document (file:///Users/zhongjie/Downloads/Github/Evidence-Framework/tools/guides/check.spec.mjs:17:5)
      at TestContext.<anonymous> (file:///Users/zhongjie/Downloads/Github/Evidence-Framework/tools/guides/check.spec.mjs:18:17)
      at Test.runInAsyncScope (node:async_hooks:226:14)
      at Test.run (node:internal/test_runner/test:1402:25)
      at Test.start (node:internal/test_runner/test:1262:17)
      at startSubtestAfterBootstrap (node:internal/test_runner/harness:387:17) {
    errno: -2,
    code: 'ENOENT',
    syscall: 'open',
    path: '/Users/zhongjie/Downloads/Github/Evidence-Framework/docs/engineering/procedures.md'
  }
