npm warn Unknown user config "store-dir". This will stop working in the next major version of npm. See `npm help npmrc` for supported config options.
npm warn Unknown user config "home". This will stop working in the next major version of npm. See `npm help npmrc` for supported config options.
npm warn Unknown user config "is-current". This will stop working in the next major version of npm. See `npm help npmrc` for supported config options.

> @evidence-poc/source@0.0.0 build
> npm run build:apps && npm run evidence-modeling:typecheck

npm warn Unknown env config "home". This will stop working in the next major version of npm. See `npm help npmrc` for supported config options.
npm warn Unknown env config "is-current". This will stop working in the next major version of npm. See `npm help npmrc` for supported config options.
npm warn Unknown env config "store-dir". This will stop working in the next major version of npm. See `npm help npmrc` for supported config options.
npm warn Unknown user config "store-dir". This will stop working in the next major version of npm. See `npm help npmrc` for supported config options.
npm warn Unknown user config "home". This will stop working in the next major version of npm. See `npm help npmrc` for supported config options.
npm warn Unknown user config "is-current". This will stop working in the next major version of npm. See `npm help npmrc` for supported config options.

> @evidence-poc/source@0.0.0 build:apps
> nx run-many --target=build --all


 NX   `dependsOn` is misconfigured for :backend-persistent:spotlessJava

Project patterns "" does not match any projects.


 NX   `dependsOn` is misconfigured for :backend-domain:spotlessJava

Project patterns "" does not match any projects.


 NX   `dependsOn` is misconfigured for :backend-api:spotlessJava

Project patterns "" does not match any projects.


 NX   Running target build for 5 projects and 30 tasks they depend on:

- :backend-persistent
- :backend-domain
- :backend-api
- @evidence-poc/frontend
- backend


✔  nx run @evidence-poc/frontend:build  [local cache]
✔  nx run :backend-persistent:spotlessJava  [existing outputs match the cache, left as is]
✔  nx run :backend-domain:compileJava  [existing outputs match the cache, left as is]
✔  nx run :backend-persistent:processResources  [existing outputs match the cache, left as is]
✔  nx run :backend-domain:test  [existing outputs match the cache, left as is]
✔  nx run :backend-domain:spotlessJava  [existing outputs match the cache, left as is]
✔  nx run :backend-domain:processResources  [existing outputs match the cache, left as is]
✔  nx run :backend-api:spotlessJava  [existing outputs match the cache, left as is]
✔  nx run :backend-api:processResources  [existing outputs match the cache, left as is]
✔  nx run :backend-persistent:spotlessJavaCheck  [existing outputs match the cache, left as is]
✔  nx run :backend-persistent:compileJava  [existing outputs match the cache, left as is]
✔  nx run :backend-api:compileJava  [existing outputs match the cache, left as is]
✔  nx run :backend-domain:spotlessJavaCheck  [existing outputs match the cache, left as is]
✔  nx run :backend-domain:classes  [existing outputs match the cache, left as is]
✔  nx run :backend-api:spotlessJavaCheck  [existing outputs match the cache, left as is]
✔  nx run :backend-persistent:spotlessCheck  [existing outputs match the cache, left as is]
✔  nx run :backend-persistent:classes  [existing outputs match the cache, left as is]
✔  nx run :backend-api:classes  [existing outputs match the cache, left as is]
✔  nx run :backend-domain:spotlessCheck  [existing outputs match the cache, left as is]
✔  nx run :backend-domain:jar  [existing outputs match the cache, left as is]
✔  nx run :backend-api:spotlessCheck  [existing outputs match the cache, left as is]
✔  nx run :backend-persistent:jar  [existing outputs match the cache, left as is]
✔  nx run :backend-api:jar  [existing outputs match the cache, left as is]
✔  nx run :backend-domain:check  [existing outputs match the cache, left as is]
✔  nx run :backend-domain:assemble  [existing outputs match the cache, left as is]
✔  nx run :backend-persistent:assemble  [existing outputs match the cache, left as is]
✔  nx run :backend-api:assemble  [existing outputs match the cache, left as is]
✔  nx run :backend-domain:build  [existing outputs match the cache, left as is]
✔  nx run :backend-persistent:test  [existing outputs match the cache, left as is]
✔  nx run :backend-api:test  [existing outputs match the cache, left as is]
✔  nx run :backend-persistent:check  [existing outputs match the cache, left as is]
✔  nx run :backend-api:check  [existing outputs match the cache, left as is]
✔  nx run :backend-persistent:build  [existing outputs match the cache, left as is]
✔  nx run :backend-api:build  [existing outputs match the cache, left as is]
✔  nx run backend:build



 NX   Successfully ran target build for 5 projects and 30 tasks they depend on

Nx read the output from the cache instead of running the command for 34 out of 35 tasks.

Output of 35 successful tasks were not shown. Run with --verbose or --output-style=static to see it.

  Run duration:      2.9s
  Cache:             34/35 hit (97%)
  Critical path:     2.3s (1 task)
  Recoverable time:  <1ms
npm warn Unknown env config "home". This will stop working in the next major version of npm. See `npm help npmrc` for supported config options.
npm warn Unknown env config "is-current". This will stop working in the next major version of npm. See `npm help npmrc` for supported config options.
npm warn Unknown env config "store-dir". This will stop working in the next major version of npm. See `npm help npmrc` for supported config options.
npm warn Unknown user config "store-dir". This will stop working in the next major version of npm. See `npm help npmrc` for supported config options.
npm warn Unknown user config "home". This will stop working in the next major version of npm. See `npm help npmrc` for supported config options.
npm warn Unknown user config "is-current". This will stop working in the next major version of npm. See `npm help npmrc` for supported config options.

> @evidence-poc/source@0.0.0 evidence-modeling:typecheck
> tsc -p .pi/extensions/evidence-modeling/tsconfig.json

