test_procedure_protocol_preserves_independent_test_boundaries (test_guides_contract.GuidesContractTests) ... FAIL
test_procedure_selection_precedes_grouping_without_extending_schema (test_guides_contract.GuidesContractTests) ... ERROR
test_protocol_is_required_and_keeps_consumer_project_independent (test_guides_contract.GuidesContractTests) ... ok
test_task_has_business_and_engineering_guides_before_action (test_guides_contract.GuidesContractTests) ... ok
test_templates_preserve_single_yaml_and_state_ownership (test_guides_contract.GuidesContractTests) ... ok
test_actor_and_proof_roles_are_distinct_units (test_task_compiler.CompilerTests) ... ok
test_api_role_variants_share_delivery_not_domain_duplicates (test_task_compiler.CompilerTests) ... ok
test_architecture_override_is_rejected (test_task_compiler.CompilerTests) ... ok
test_cli_compiles_readable_paths_without_writing_plan_files (test_task_compiler.CompilerTests) ... ok
test_cli_emits_json_without_writing_plan (test_task_compiler.CompilerTests) ... ok
test_cli_reads_index_slicing_and_fails_incomplete_coverage (test_task_compiler.CompilerTests) ... ok
test_design_item_requires_known_sources (test_task_compiler.CompilerTests) ... ok
test_deterministic_dag_and_cycle_rejection (test_task_compiler.CompilerTests) ... ok
test_duplicate_group_and_unit_ownership_rejected (test_task_compiler.CompilerTests) ... ok
test_duplicate_yaml_key_and_duplicate_id_rejected (test_task_compiler.CompilerTests) ... ok
test_external_disposition_needs_reason_and_does_not_erase_unit (test_task_compiler.CompilerTests) ... ok
test_file_move_and_label_change_keep_keys (test_task_compiler.CompilerTests) ... ok
test_file_name_is_required_and_has_no_automatic_fallback (test_task_compiler.CompilerTests) ... ok
test_file_name_rejects_unsafe_or_nonportable_values (test_task_compiler.CompilerTests) ... ok
test_file_names_are_unique_across_tasks_and_portable_equivalents (test_task_compiler.CompilerTests) ... ok
test_free_task_key_cannot_override_computed_identity (test_task_compiler.CompilerTests) ... ok
test_generated_files_are_not_sources (test_task_compiler.CompilerTests) ... ok
test_generic_backend_organization_is_mandatory_platform_work (test_task_compiler.CompilerTests) ... ok
test_generic_second_domain_without_contracts (test_task_compiler.CompilerTests) ... ok
test_group_schema_rejects_unrecognized_fields (test_task_compiler.CompilerTests) ... ok
test_inventory_stable_and_read_only (test_task_compiler.CompilerTests) ... ok
test_key_encoding_unambiguous (test_task_compiler.CompilerTests) ... ok
test_keys_and_paths_do_not_depend_on_members_order (test_task_compiler.CompilerTests) ... ok
test_missing_fm_reference_rejected (test_task_compiler.CompilerTests) ... ok
test_modular_architecture_work_cannot_be_excluded (test_task_compiler.CompilerTests) ... ok
test_modular_monolith_profile_and_platform_are_consistent (test_task_compiler.CompilerTests) ... ok
test_multiple_contexts_do_not_create_deployment_or_remote_units (test_task_compiler.CompilerTests) ... ok
test_partial_mapping_reports_gaps_not_completion (test_task_compiler.CompilerTests) ... ok
test_procedure_fanout_owns_rules_once_and_joins_at_acceptance (test_task_compiler.CompilerTests)
Explicit procedure slicing, not automatic procedure inference. ... ok
test_profile_override_and_unknown_units_rejected (test_task_compiler.CompilerTests) ... ok
test_profile_work_cannot_be_disposed (test_task_compiler.CompilerTests) ... ok
test_readable_file_names_and_exact_byte_limit_are_accepted (test_task_compiler.CompilerTests) ... ok
test_renaming_files_preserves_dependency_and_api_identity (test_task_compiler.CompilerTests) ... ok
test_safe_yaml_rejects_python_tags (test_task_compiler.CompilerTests) ... ok
test_source_cycles_are_not_execution_cycles (test_task_compiler.CompilerTests) ... ok

======================================================================
ERROR: test_procedure_selection_precedes_grouping_without_extending_schema (test_guides_contract.GuidesContractTests)
----------------------------------------------------------------------
Traceback (most recent call last):
  File "/Users/zhongjie/Downloads/Github/Evidence-Framework/.agents/skills/evidence-task-planning/tests/test_guides_contract.py", line 55, in test_procedure_selection_precedes_grouping_without_extending_schema
    selection = entry.index("按测试工序展开候选任务")
ValueError: substring not found

======================================================================
FAIL: test_procedure_protocol_preserves_independent_test_boundaries (test_guides_contract.GuidesContractTests)
----------------------------------------------------------------------
Traceback (most recent call last):
  File "/Users/zhongjie/Downloads/Github/Evidence-Framework/.agents/skills/evidence-task-planning/tests/test_guides_contract.py", line 84, in test_procedure_protocol_preserves_independent_test_boundaries
    self.assertIn(concept, protocol)
AssertionError: 'API 不因层次顺序依赖持久化' not found in '# 任务前馈装配协议\n\n本协议定义可移植方法；项目的具体业务范围、架构、命名、howto 与范例由项目文档维护。不要把当前 Skill 仓库的业务名、路径或数据库当作消费项目默认值。\n\n## 来源发现\n\n从消费项目的项目指令进入，定位其 Guides 导航；本仓库入口为 `docs/guides/index.md`。其他项目没有统一导航时，从实际需求、架构、配置、源码与测试定位同类依据，不为凑目录创建空文档，也不因缺少某个约定文件名阻塞无关工作。\n\n四层来源分别是：项目宪法、项目基线、工程指南、当前任务。按任务类型加载必要章节与真实源码符号，不把全仓库资料塞进上下文。Skill 的固定技术 profile 约束实施形式，不提供行业默认业务；与项目架构冲突时停止受影响规划，不能私自换栈或改 profile。\n\n## 规划时形成 Guides\n\n- 从软件职责与验收选择交付结果；FM 表达的全部业务活动不自动成为已批准 MVP。已有 API 的结构覆盖仍按编译规则维护，范围冲突显式澄清，不能偷偷排除能力。\n- 从相关架构、质量属性和术语定位项目决定；未知权限、数据库、审计、语言和集成协议保持未决。纯技术或纯领域工作只受相关缺口影响。\n- 将来源路径、稳定源 ID、版本/摘要与适用章节放入索引 sourceManifest、详情必读材料与相应引用字段；文件路径不是虚构的新 FM ID。\n- 在任务局部设计明确行为/数据拥有者、公开契约、技术库、事务入口与必要外部边界。共享设计只引用，不在每个任务复制整套基线。\n- 用 procedureRefs 引用相关规范、howto 与范例的实际项目根相对路径；在步骤中说明使用顺序与适用限制。不复制打样代码作为新事实源。\n- dependencyUsage 说明消费前置的哪些契约，以及怎样核对真实就绪证据。范例和已存在文件不自动等于依赖完成。\n- 将每个完成条件连接到具体 CHECK：命令、cwd、环境、输入、预期、反例、失败不变性和证据要求。未知命令或必要依据关联 gap。\n\n## 执行前检查\n\n执行者读取项目实际开工检查。最低要回答：授权/目标/文件范围、来源与审核、直接前置与证据新鲜度、设计边界、工程做法与环境、验证与停止条件。\n\n编译器摘要只覆盖其实际 FM/API 输入，不覆盖所有架构/规范/howto/代码变化。taskKey 不变不代表证据有效；相关来源、指南、实现或 CHECK 环境变化后显式评估重验范围。计划结构检查不能证明上述语义就绪。\n\n未通过时不进入 Action：局部任务设计修订详情，单元/依赖变化返回 Plan，业务事实返回拥有者，环境问题记录局部阻塞。只读任务只报告，不写状态。\n\n## 状态与退出\n\n前馈不是第三套工作流状态：compiled 仍由程序计算，taskNotes 仍是任务状态唯一位置，详情 observedEvidence 只保存真实执行结果。不得新增私有 guides-ready 状态、自动审批或凭文档存在标 done。\n\n一次任务完成后停止；恢复、纠偏或来源变化时重新装配同一任务的 Guides，不依赖聊天记忆。规划只交付计划，不执行产品 CHECK 或预填 observedEvidence。\n'

----------------------------------------------------------------------
Ran 40 tests in 0.650s

FAILED (failures=1, errors=1)
