npm warn Unknown user config "store-dir". This will stop working in the next major version of npm. See `npm help npmrc` for supported config options.
npm warn Unknown user config "home". This will stop working in the next major version of npm. See `npm help npmrc` for supported config options.
npm warn Unknown user config "is-current". This will stop working in the next major version of npm. See `npm help npmrc` for supported config options.

> @evidence-poc/source@0.0.0 build
> npm run build:apps && npm run evidence-modeling:typecheck

npm warn Unknown env config "home". This will stop working in the next major version of npm. See `npm help npmrc` for supported config options.
npm warn Unknown env config "is-current". This will stop working in the next major version of npm. See `npm help npmrc` for supported config options.
npm warn Unknown env config "store-dir". This will stop working in the next major version of npm. See `npm help npmrc` for supported config options.
npm warn Unknown user config "store-dir". This will stop working in the next major version of npm. See `npm help npmrc` for supported config options.
npm warn Unknown user config "home". This will stop working in the next major version of npm. See `npm help npmrc` for supported config options.
npm warn Unknown user config "is-current". This will stop working in the next major version of npm. See `npm help npmrc` for supported config options.

> @evidence-poc/source@0.0.0 build:apps
> nx run-many --target=build --all


 NX   `dependsOn` is misconfigured for :backend-persistent:spotlessJava

Project patterns "" does not match any projects.


 NX   `dependsOn` is misconfigured for :backend-domain:spotlessJava

Project patterns "" does not match any projects.


 NX   `dependsOn` is misconfigured for :backend-api:spotlessJava

Project patterns "" does not match any projects.


 NX   Running target build for 5 projects and 30 tasks they depend on:

- :backend-persistent
- :backend-domain
- :backend-api
- @evidence-poc/frontend
- backend



 NX   Running 33 tasks with @nx/gradle:gradle

> Task :backend-api:processResources NO-SOURCE
> Task :spotlessInternalRegisterDependencies UP-TO-DATE
> Task :backend-api:processTestResources NO-SOURCE
> Task :backend-persistent:processResources UP-TO-DATE
> Task :backend-domain:compileJava UP-TO-DATE
> Task :backend-domain:processResources NO-SOURCE
> Task :backend-domain:classes UP-TO-DATE
> Task :backend-persistent:spotlessJava UP-TO-DATE
> Task :backend-persistent:spotlessJavaCheck UP-TO-DATE
> Task :backend-persistent:spotlessCheck UP-TO-DATE
> Task :backend-api:spotlessJava UP-TO-DATE
> Task :backend-domain:jar UP-TO-DATE
> Task :backend-domain:compileTestJava UP-TO-DATE
> Task :backend-api:compileJava UP-TO-DATE
> Task :backend-persistent:compileJava UP-TO-DATE
> Task :backend-api:classes UP-TO-DATE
> Task :backend-persistent:classes UP-TO-DATE
> Task :backend-domain:processTestResources NO-SOURCE
> Task :backend-domain:testClasses UP-TO-DATE
> Task :backend-persistent:jar UP-TO-DATE
> Task :backend-persistent:assemble UP-TO-DATE
> Task :backend-api:jar UP-TO-DATE
> Task :backend-domain:test UP-TO-DATE
> Task :backend-persistent:compileTestJava UP-TO-DATE
> Task :backend-persistent:processTestResources UP-TO-DATE
> Task :backend-persistent:testClasses UP-TO-DATE
> Task :backend-domain:spotlessJava UP-TO-DATE
> Task :backend-domain:spotlessJavaCheck UP-TO-DATE
> Task :backend-domain:spotlessCheck UP-TO-DATE
> Task :backend-domain:check UP-TO-DATE
> Task :backend-domain:assemble UP-TO-DATE
> Task :backend-domain:build UP-TO-DATE
> Task :backend-api:compileTestJava UP-TO-DATE
> Task :backend-api:testClasses UP-TO-DATE
> Task :backend-persistent:test UP-TO-DATE
> Task :backend-persistent:check UP-TO-DATE
> Task :backend-persistent:build UP-TO-DATE
> Task :backend-api:test UP-TO-DATE
> Task :backend-api:spotlessJavaCheck UP-TO-DATE
> Task :backend-api:spotlessCheck UP-TO-DATE
> Task :backend-api:check UP-TO-DATE
> Task :backend-api:assemble UP-TO-DATE
> Task :backend-api:build UP-TO-DATE

BUILD SUCCESSFUL in 1s
21 actionable tasks: 21 up-to-date
✔  nx run :backend-persistent:jar
✔  nx run :backend-persistent:spotlessJava
✔  nx run :backend-api:spotlessJavaCheck
✔  nx run :backend-domain:compileJava
✔  nx run :backend-api:classes
✔  nx run :backend-domain:spotlessJava
✔  nx run :backend-persistent:check
✔  nx run :backend-persistent:spotlessCheck
✔  nx run :backend-domain:spotlessJavaCheck
✔  nx run :backend-api:processResources
✔  nx run :backend-api:jar
✔  nx run :backend-persistent:assemble
✔  nx run :backend-domain:test
✔  nx run :backend-api:assemble
✔  nx run :backend-persistent:compileJava
✔  nx run :backend-domain:jar
✔  nx run :backend-api:compileJava
✔  nx run :backend-domain:spotlessCheck
✔  nx run :backend-api:spotlessJava
✔  nx run :backend-domain:assemble
✔  nx run :backend-api:check
✔  nx run :backend-domain:check
✔  nx run :backend-persistent:processResources
✔  nx run :backend-persistent:test
✔  nx run :backend-persistent:classes
✔  nx run :backend-domain:classes
✔  nx run :backend-persistent:build
✔  nx run :backend-api:spotlessCheck
✔  nx run :backend-api:test
✔  nx run :backend-domain:build
✔  nx run :backend-api:build
✔  nx run :backend-domain:processResources
✔  nx run :backend-persistent:spotlessJavaCheck
✔  nx run @evidence-poc/frontend:build
✔  nx run backend:build



 NX   Successfully ran target build for 5 projects and 30 tasks they depend on


Output of 35 successful tasks were not shown. Run with --verbose or --output-style=static to see it.

  Run duration:      2.1s
  Cache:             Skipped (--skip-nx-cache)
  Critical path:     1.7s (1 task)
  Recoverable time:  15ms (1% of the run)
npm warn Unknown env config "home". This will stop working in the next major version of npm. See `npm help npmrc` for supported config options.
npm warn Unknown env config "is-current". This will stop working in the next major version of npm. See `npm help npmrc` for supported config options.
npm warn Unknown env config "store-dir". This will stop working in the next major version of npm. See `npm help npmrc` for supported config options.
npm warn Unknown user config "store-dir". This will stop working in the next major version of npm. See `npm help npmrc` for supported config options.
npm warn Unknown user config "home". This will stop working in the next major version of npm. See `npm help npmrc` for supported config options.
npm warn Unknown user config "is-current". This will stop working in the next major version of npm. See `npm help npmrc` for supported config options.

> @evidence-poc/source@0.0.0 evidence-modeling:typecheck
> tsc -p .pi/extensions/evidence-modeling/tsconfig.json

