npm warn Unknown user config "store-dir". This will stop working in the next major version of npm. See `npm help npmrc` for supported config options.
npm warn Unknown user config "home". This will stop working in the next major version of npm. See `npm help npmrc` for supported config options.
npm warn Unknown user config "is-current". This will stop working in the next major version of npm. See `npm help npmrc` for supported config options.

> @evidence-poc/source@0.0.0 lint
> nx lint @evidence-poc/frontend && npm run guides:check


> nx run @evidence-poc/frontend:lint

> eslint .




 NX   Successfully ran target lint for project @evidence-poc/frontend


  Run duration:      1.3s
  Cache:             Skipped (--skip-nx-cache)
  Critical path:     1.3s (1 task)
  Recoverable time:  <1ms
npm warn Unknown env config "home". This will stop working in the next major version of npm. See `npm help npmrc` for supported config options.
npm warn Unknown env config "is-current". This will stop working in the next major version of npm. See `npm help npmrc` for supported config options.
npm warn Unknown env config "store-dir". This will stop working in the next major version of npm. See `npm help npmrc` for supported config options.
npm warn Unknown user config "store-dir". This will stop working in the next major version of npm. See `npm help npmrc` for supported config options.
npm warn Unknown user config "home". This will stop working in the next major version of npm. See `npm help npmrc` for supported config options.
npm warn Unknown user config "is-current". This will stop working in the next major version of npm. See `npm help npmrc` for supported config options.

> @evidence-poc/source@0.0.0 guides:check
> node tools/guides/check.mjs && prettier --check AGENTS.md README.md 'docs/**/*.md' apps/backend/README.md .evidence/README.md .evidence/api/README.md .agents/skills/README.md '.agents/skills/{evidence-task-planning,evidence-delivery}/**/*.{md,json}' 'tools/guides/*.mjs'

Guides: 35 documents, 272 local links, 0 errors
Checking formatting...
All matched files use Prettier code style!
